emulator: WARNING: system partition size adjusted to match image file (900 MB > 200 MB)

emulator: WARNING: data partition size adjusted to match image file (550 MB > 200 MB)

emulator: WARNING: Increasing RAM size to 1GB
adb_server_notify: Failed to establish connection to ADB server
console on port 5554, ADB on port 5555
Initializing cgroup subsys cpu
Linux version 3.10.0+ (digit@tyrion.par.corp.google.com) (gcc version 4.8 (GCC) ) #12 SMP Tue Sep 16 22:36:19 CEST 2014
CPU: AArch64 Processor [411fd070] revision 0
Machine: ranchu
debug: skip boot console de-registration.
Unknown earlyprintk arguments: ttyAMA0
PERCPU: Embedded 10 pages/cpu @ffffffc03ffe5000 s11456 r8192 d21312 u40960
Built 1 zonelists in Zone order, mobility grouping on.  Total pages: 258560
Kernel command line: console=ttyAMA0,38400 keep_bootcon earlyprintk=ttyAMA0
PID hash table entries: 4096 (order: 3, 32768 bytes)
Dentry cache hash table entries: 131072 (order: 8, 1048576 bytes)
Inode-cache hash table entries: 65536 (order: 7, 524288 bytes)
Memory: 1024MB = 1024MB total
Memory: 1025620k/1025620k available, 22956k reserved
Virtual kernel memory layout:
    vmalloc : 0xffffff8000000000 - 0xffffffbbffff0000   (245759 MB)
    vmemmap : 0xffffffbc00e00000 - 0xffffffbc01c00000   (    14 MB)
    modules : 0xffffffbffc000000 - 0xffffffc000000000   (    64 MB)
    memory  : 0xffffffc000000000 - 0xffffffc040000000   (  1024 MB)
      .init : 0xffffffc00057a000 - 0xffffffc0005a8cc0   (   188 kB)
      .text : 0xffffffc000080000 - 0xffffffc000579364   (  5093 kB)
      .data : 0xffffffc0005a9000 - 0xffffffc0005e7200   (   249 kB)
SLUB: HWalign=64, Order=0-3, MinObjects=0, CPUs=1, Nodes=1
Hierarchical RCU implementation.
	RCU restricting CPUs from NR_CPUS=4 to nr_cpu_ids=1.
NR_IRQS:64 nr_irqs:64 0
GIC CPU mask not found - kernel will fail to boot.
GIC CPU mask not found - kernel will fail to boot.
Architected local timer running at 62.50MHz (virt).
Console: colour dummy device 80x25
Calibrating delay loop (skipped), value calculated using timer frequency.. 125.00 BogoMIPS (lpj=625000)
pid_max: default: 32768 minimum: 301
Mount-cache hash table entries: 256
/cpus/cpu@0: Unknown CPU type
hw perfevents: no hardware support available
Brought up 1 CPUs
SMP: Total of 1 processors activated (125.00 BogoMIPS).
atomic64 test passed
NET: Registered protocol family 16
vdso: 2 pages (1 code, 1 data) at base ffffffc0005b1000
hw-breakpoint: found 6 breakpoint and 4 watchpoint registers.
software IO TLB [mem 0x7e400000-0x7e800000] (4MB) mapped at [ffffffc03e400000-ffffffc03e7fffff]
Serial: AMBA PL011 UART driver
9000000.pl011: ttyAMA0 at MMIO 0x9000000 (irq = 33) is a PL011 rev1
console [ttyAMA0] enabled
bio: create slab <bio-0> at 0
SCSI subsystem initialized
Switching to clocksource arch_sys_counter
NET: Registered protocol family 2
TCP established hash table entries: 8192 (order: 5, 131072 bytes)
TCP bind hash table entries: 8192 (order: 5, 131072 bytes)
TCP: Hash tables configured (established 8192 bind 8192)
TCP: reno registered
UDP hash table entries: 512 (order: 2, 16384 bytes)
UDP-Lite hash table entries: 512 (order: 2, 16384 bytes)
NET: Registered protocol family 1
RPC: Registered named UNIX socket transport module.
RPC: Registered udp transport module.
RPC: Registered tcp transport module.
RPC: Registered tcp NFSv4.1 backchannel transport module.
Unpacking initramfs...
Freeing initrd memory: 1080K (ffffffc008000000 - ffffffc00810e000)
fuse init (API version 7.22)
msgmni has been set to 2005
io scheduler noop registered
io scheduler cfq registered (default)
loop: module loaded
 vda: unknown partition table
 vdb: unknown partition table
 vdc: unknown partition table
tun: Universal TUN/TAP device driver, 1.6
tun: (C) 1999-2004 Max Krasnyansky <maxk@qualcomm.com>
mousedev: PS/2 mouse device common for all mice
input: qwerty2 as /devices/9040000.goldfish-events/input/input0
ashmem: initialized
logger: created 256K log 'log_main'
input: qwerty2 as /devices/9040000.goldfish-events/input/input0
ashmem: initialized
logger: created 256K log 'log_main'
logger: created 256K log 'log_events'
logger: created 256K log 'log_radio'
logger: created 256K log 'log_system'
ip_tables: (C) 2000-2006 Netfilter Core Team
arp_tables: (C) 2002 David S. Miller
TCP: cubic registered
NET: Registered protocol family 10
ip6_tables: (C) 2000-2006 Netfilter Core Team
sit: IPv6 over IPv4 tunneling driver
NET: Registered protocol family 17
Bridge firewalling registered
Registering SWP/SWPB emulation handler
drivers/rtc/hctosys.c: unable to open rtc device (rtc0)
Freeing unused kernel memory: 184K (ffffffc00057a000 - ffffffc0005a8000)
init: could not import file '/init.ranchu.rc' from '/init.rc'
init: /dev/hw_random not found
init: /dev/hw_random not found
init: Unable to open persistent property directory /data/property errno: 2
init: cannot find '/system/bin/logd', disabling 'logd'
init: cannot find '/system/bin/lmkd', disabling 'lmkd'
init: cannot find '/system/bin/servicemanager', disabling 'servicemanager'
init: cannot find '/system/bin/vold', disabling 'vold'
init: cannot find '/system/bin/surfaceflinger', disabling 'surfaceflinger'
init: cannot find '/system/bin/sh', disabling 'console'
